// Jest Snapshot v1, https://goo.gl/fbAQLP

exports[`<RepoCard /> match snapshot 1`] = `
<DocumentFragment>
  <div
    class="card repo-card"
  >
    <a
      href="https://github.com/facebook/react"
      rel="noopener noreferrer"
      target="_blank"
    >
      <span
        class="title"
        role="heading"
      >
        facebook/react/17-latest
      </span>
    </a>
    <small>
      facebook/react
    </small>
    <p>
      A declarative, efficient, and flexible JavaScript library for building user interfaces.
    </p>
    <div
      class="mt-1"
    >
      <button
        class="ml-1 add-bmk-btn btn-sep btn btn-primary"
        type="button"
      >
        Add bookmark
      </button>
    </div>
  </div>
</DocumentFragment>
`;
